{"rntebr_res": {
    "changed": false,
    "failed": false,
    "stdout": [
        "GigabitEthernet1 is up, line protocol is up \n  Hardware is CSR vNIC, address is 0a53.0b3a.dee8 (bia 0a53.0b3a.dee8)\n  Internet address is 192.168.122.0/16\n  MTU 1500 bytes, BW 1000000 Kbit/sec, DLY 10 usec, \n     reliability 255/255, txload 1/255, rxload 1/255\n  Encapsulation ARPA, loopback not set\n  Keepalive set (10 sec)\n  Full Duplex, 1000Mbps, link type is auto, media type is Virtual\n  output flow-control is unsupported, input flow-control is unsupported\n  ARP type: ARPA, ARP Timeout 04:00:00\n  Last input 00:00:00, output 00:00:00, output hang never\n  Last clearing of \"show interface\" counters never\n  Input queue: 0/375/0/0 (size/max/drops/flushes); Total output drops: 0\n  Queueing strategy: fifo\n  Output queue: 0/40 (size/max)\n  5 minute input rate 1000 bits/sec, 3 packets/sec\n  5 minute output rate 3000 bits/sec, 3 packets/sec\n     13421 packets input, 1034748 bytes, 0 no buffer\n     Received 0 broadcasts (0 IP multicasts)\n     0 runts, 0 giants, 0 throttles \n     0 input errors, 0 CRC, 0 frame, 0 overrun, 0 ignored\n     0 watchdog, 0 multicast, 0 pause input\n     25392 packets output, 3065110 bytes, 0 underruns\n     0 output errors, 0 collisions, 1 interface resets\n     0 unknown protocol drops\n     0 babbles, 0 late collision, 0 deferred\n     0 lost carrier, 0 no carrier, 0 pause output\n     0 output buffer failures, 0 output buffers swapped out\nLoopback0 is up, line protocol is up \n  Hardware is Loopback\n  Internet address is 192.168.1.101/24\n  MTU 1514 bytes, BW 8000000 Kbit/sec, DLY 5000 usec, \n     reliability 255/255, txload 1/255, rxload 1/255\n  Encapsulation LOOPBACK, loopback not set\n  Keepalive set (10 sec)\n  Last input never, output never, output hang never\n  Last clearing of \"show interface\" counters never\n  Input queue: 0/75/0/0 (size/max/drops/flushes); Total output drops: 0\n  Queueing strategy: fifo\n  Output queue: 0/0 (size/max)\n  5 minute input rate 0 bits/sec, 0 packets/sec\n  5 minute output rate 0 bits/sec, 0 packets/sec\n     0 packets input, 0 bytes, 0 no buffer\n     Received 0 broadcasts (0 IP multicasts)\n     0 runts, 0 giants, 0 throttles \n     0 input errors, 0 CRC, 0 frame, 0 overrun, 0 ignored, 0 abort\n     0 packets output, 0 bytes, 0 underruns\n     0 output errors, 0 collisions, 0 interface resets\n     0 unknown protocol drops\n     0 output buffer failures, 0 output buffers swapped out\nLoopback1 is up, line protocol is up \n  Hardware is Loopback\n  Internet address is 10.1.1.101/24\n  MTU 1514 bytes, BW 8000000 Kbit/sec, DLY 5000 usec, \n     reliability 255/255, txload 1/255, rxload 1/255\n  Encapsulation LOOPBACK, loopback not set\n  Keepalive set (10 sec)\n  Last input never, output never, output hang never\n  Last clearing of \"show interface\" counters never\n  Input queue: 0/75/0/0 (size/max/drops/flushes); Total output drops: 0\n  Queueing strategy: fifo\n  Output queue: 0/0 (size/max)\n  5 minute input rate 0 bits/sec, 0 packets/sec\n  5 minute output rate 0 bits/sec, 0 packets/sec\n     0 packets input, 0 bytes, 0 no buffer\n     Received 0 broadcasts (0 IP multicasts)\n     0 runts, 0 giants, 0 throttles \n     0 input errors, 0 CRC, 0 frame, 0 overrun, 0 ignored, 0 abort\n     0 packets output, 0 bytes, 0 underruns\n     0 output errors, 0 collisions, 0 interface resets\n     0 unknown protocol drops\n     0 output buffer failures, 0 output buffers swapped out\nTunnel0 is up, line protocol is up \n  Hardware is Tunnel\n  Internet address is 10.100.100.1/24\n  MTU 9976 bytes, BW 100 Kbit/sec, DLY 50000 usec, \n     reliability 255/255, txload 1/255, rxload 1/255\n  Encapsulation TUNNEL, loopback not set\n  Keepalive not set\n  Tunnel linestate evaluation up\n  Tunnel source 192.168.122.0 (GigabitEthernet1), destination 54.210.74.147\n   Tunnel Subblocks:\n      src-track:\n         Tunnel0 source tracking subblock associated with GigabitEthernet1\n          Set of tunnels with source GigabitEthernet1, 2 members (includes iterators), on interface <OK>\n  Tunnel protocol/transport GRE/IP\n    Key disabled, sequencing disabled\n    Checksumming of packets disabled\n  Tunnel TTL 255, Fast tunneling enabled\n  Tunnel transport MTU 1476 bytes\n  Tunnel transmit bandwidth 8000 (kbps)\n  Tunnel receive bandwidth 8000 (kbps)\n  Last input 15:35:24, output 00:00:07, output hang never\n  Last clearing of \"show interface\" counters 15:35:25\n  Input queue: 0/375/0/0 (size/max/drops/flushes); Total output drops: 0\n  Queueing strategy: fifo\n  Output queue: 0/0 (size/max)\n  5 minute input rate 0 bits/sec, 0 packets/sec\n  5 minute output rate 0 bits/sec, 0 packets/sec\n     0 packets input, 0 bytes, 0 no buffer\n     Received 0 broadcasts (0 IP multicasts)\n     0 runts, 0 giants, 0 throttles \n     0 input errors, 0 CRC, 0 frame, 0 overrun, 0 ignored, 0 abort\n     5903 packets output, 708360 bytes, 0 underruns\n     0 output errors, 0 collisions, 0 interface resets\n     0 unknown protocol drops\n     0 output buffer failures, 0 output buffers swapped out\nTunnel1 is up, line protocol is up \n  Hardware is Tunnel\n  Internet address is 10.200.200.1/24\n  MTU 9976 bytes, BW 100 Kbit/sec, DLY 50000 usec, \n     reliability 255/255, txload 1/255, rxload 1/255\n  Encapsulation TUNNEL, loopback not set\n  Keepalive not set\n  Tunnel linestate evaluation up\n  Tunnel source 192.168.122.0 (GigabitEthernet1), destination 52.201.212.234\n   Tunnel Subblocks:\n      src-track:\n         Tunnel1 source tracking subblock associated with GigabitEthernet1\n          Set of tunnels with source GigabitEthernet1, 2 members (includes iterators), on interface <OK>\n  Tunnel protocol/transport GRE/IP\n    Key disabled, sequencing disabled\n    Checksumming of packets disabled\n  Tunnel TTL 255, Fast tunneling enabled\n  Tunnel transport MTU 1476 bytes\n  Tunnel transmit bandwidth 8000 (kbps)\n  Tunnel receive bandwidth 8000 (kbps)\n  Last input 00:00:22, output 00:00:22, output hang never\n  Last clearing of \"show interface\" counters 15:35:24\n  Input queue: 0/375/0/0 (size/max/drops/flushes); Total output drops: 0\n  Queueing strategy: fifo\n  Output queue: 0/0 (size/max)\n  5 minute input rate 0 bits/sec, 0 packets/sec\n  5 minute output rate 0 bits/sec, 0 packets/sec\n     1972 packets input, 96820 bytes, 0 no buffer\n     Received 0 broadcasts (0 IP multicasts)\n     0 runts, 0 giants, 0 throttles \n     0 input errors, 0 CRC, 0 frame, 0 overrun, 0 ignored, 0 abort\n     1968 packets output, 145694 bytes, 0 underruns\n     0 output errors, 0 collisions, 0 interface resets\n     0 unknown protocol drops\n     0 output buffer failures, 0 output buffers swapped out\nVirtualPortGroup0 is up, line protocol is up \n  Hardware is Virtual Port Group, address is 001e.e5f6.37bd (bia 001e.e5f6.37bd)\n  Internet address is 192.168.35.101/24\n  MTU 1500 bytes, BW 750000 Kbit/sec, DLY 1000 usec, \n     reliability 255/255, txload 1/255, rxload 1/255\n  Encapsulation ARPA, loopback not set\n  Keepalive not supported \n  ARP type: ARPA, ARP Timeout 04:00:00\n  Last input never, output 15:48:54, output hang never\n  Last clearing of \"show interface\" counters never\n  Input queue: 0/375/0/0 (size/max/drops/flushes); Total output drops: 0\n  Queueing strategy: fifo\n  Output queue: 0/40 (size/max)\n  5 minute input rate 0 bits/sec, 0 packets/sec\n  5 minute output rate 0 bits/sec, 0 packets/sec\n     8 packets input, 648 bytes, 0 no buffer\n     Received 0 broadcasts (0 IP multicasts)\n     0 runts, 0 giants, 0 throttles \n     0 input errors, 0 CRC, 0 frame, 0 overrun, 0 ignored\n     0 input packets with dribble condition detected\n     1 packets output, 60 bytes, 0 underruns\n     0 output errors, 0 collisions, 0 interface resets\n     0 unknown protocol drops\n     0 babbles, 0 late collision, 0 deferred\n     0 lost carrier, 0 no carrier\n     0 output buffer failures, 0 output buffers swapped out"
    ],
    "stdout_lines": [
        [
            "GigabitEthernet1 is up, line protocol is up ",
            "  Hardware is CSR vNIC, address is 0a53.0b3a.dee8 (bia 0a53.0b3a.dee8)",
            "  Internet address is 192.168.122.0/16",
            "  MTU 1500 bytes, BW 1000000 Kbit/sec, DLY 10 usec, ",
            "     reliability 255/255, txload 1/255, rxload 1/255",
            "  Encapsulation ARPA, loopback not set",
            "  Keepalive set (10 sec)",
            "  Full Duplex, 1000Mbps, link type is auto, media type is Virtual",
            "  output flow-control is unsupported, input flow-control is unsupported",
            "  ARP type: ARPA, ARP Timeout 04:00:00",
            "  Last input 00:00:00, output 00:00:00, output hang never",
            "  Last clearing of \"show interface\" counters never",
            "  Input queue: 0/375/0/0 (size/max/drops/flushes); Total output drops: 0",
            "  Queueing strategy: fifo",
            "  Output queue: 0/40 (size/max)",
            "  5 minute input rate 1000 bits/sec, 3 packets/sec",
            "  5 minute output rate 3000 bits/sec, 3 packets/sec",
            "     13421 packets input, 1034748 bytes, 0 no buffer",
            "     Received 0 broadcasts (0 IP multicasts)",
            "     0 runts, 0 giants, 0 throttles ",
            "     0 input errors, 0 CRC, 0 frame, 0 overrun, 0 ignored",
            "     0 watchdog, 0 multicast, 0 pause input",
            "     25392 packets output, 3065110 bytes, 0 underruns",
            "     0 output errors, 0 collisions, 1 interface resets",
            "     0 unknown protocol drops",
            "     0 babbles, 0 late collision, 0 deferred",
            "     0 lost carrier, 0 no carrier, 0 pause output",
            "     0 output buffer failures, 0 output buffers swapped out",
            "Loopback0 is up, line protocol is up ",
            "  Hardware is Loopback",
            "  Internet address is 192.168.1.101/24",
            "  MTU 1514 bytes, BW 8000000 Kbit/sec, DLY 5000 usec, ",
            "     reliability 255/255, txload 1/255, rxload 1/255",
            "  Encapsulation LOOPBACK, loopback not set",
            "  Keepalive set (10 sec)",
            "  Last input never, output never, output hang never",
            "  Last clearing of \"show interface\" counters never",
            "  Input queue: 0/75/0/0 (size/max/drops/flushes); Total output drops: 0",
            "  Queueing strategy: fifo",
            "  Output queue: 0/0 (size/max)",
            "  5 minute input rate 0 bits/sec, 0 packets/sec",
            "  5 minute output rate 0 bits/sec, 0 packets/sec",
            "     0 packets input, 0 bytes, 0 no buffer",
            "     Received 0 broadcasts (0 IP multicasts)",
            "     0 runts, 0 giants, 0 throttles ",
            "     0 input errors, 0 CRC, 0 frame, 0 overrun, 0 ignored, 0 abort",
            "     0 packets output, 0 bytes, 0 underruns",
            "     0 output errors, 0 collisions, 0 interface resets",
            "     0 unknown protocol drops",
            "     0 output buffer failures, 0 output buffers swapped out",
            "Loopback1 is up, line protocol is up ",
            "  Hardware is Loopback",
            "  Internet address is 10.1.1.101/24",
            "  MTU 1514 bytes, BW 8000000 Kbit/sec, DLY 5000 usec, ",
            "     reliability 255/255, txload 1/255, rxload 1/255",
            "  Encapsulation LOOPBACK, loopback not set",
            "  Keepalive set (10 sec)",
            "  Last input never, output never, output hang never",
            "  Last clearing of \"show interface\" counters never",
            "  Input queue: 0/75/0/0 (size/max/drops/flushes); Total output drops: 0",
            "  Queueing strategy: fifo",
            "  Output queue: 0/0 (size/max)",
            "  5 minute input rate 0 bits/sec, 0 packets/sec",
            "  5 minute output rate 0 bits/sec, 0 packets/sec",
            "     0 packets input, 0 bytes, 0 no buffer",
            "     Received 0 broadcasts (0 IP multicasts)",
            "     0 runts, 0 giants, 0 throttles ",
            "     0 input errors, 0 CRC, 0 frame, 0 overrun, 0 ignored, 0 abort",
            "     0 packets output, 0 bytes, 0 underruns",
            "     0 output errors, 0 collisions, 0 interface resets",
            "     0 unknown protocol drops",
            "     0 output buffer failures, 0 output buffers swapped out",
            "Tunnel0 is up, line protocol is up ",
            "  Hardware is Tunnel",
            "  Internet address is 10.100.100.1/24",
            "  MTU 9976 bytes, BW 100 Kbit/sec, DLY 50000 usec, ",
            "     reliability 255/255, txload 1/255, rxload 1/255",
            "  Encapsulation TUNNEL, loopback not set",
            "  Keepalive not set",
            "  Tunnel linestate evaluation up",
            "  Tunnel source 192.168.122.0 (GigabitEthernet1), destination 54.210.74.147",
            "   Tunnel Subblocks:",
            "      src-track:",
            "         Tunnel0 source tracking subblock associated with GigabitEthernet1",
            "          Set of tunnels with source GigabitEthernet1, 2 members (includes iterators), on interface <OK>",
            "  Tunnel protocol/transport GRE/IP",
            "    Key disabled, sequencing disabled",
            "    Checksumming of packets disabled",
            "  Tunnel TTL 255, Fast tunneling enabled",
            "  Tunnel transport MTU 1476 bytes",
            "  Tunnel transmit bandwidth 8000 (kbps)",
            "  Tunnel receive bandwidth 8000 (kbps)",
            "  Last input 15:35:24, output 00:00:07, output hang never",
            "  Last clearing of \"show interface\" counters 15:35:25",
            "  Input queue: 0/375/0/0 (size/max/drops/flushes); Total output drops: 0",
            "  Queueing strategy: fifo",
            "  Output queue: 0/0 (size/max)",
            "  5 minute input rate 0 bits/sec, 0 packets/sec",
            "  5 minute output rate 0 bits/sec, 0 packets/sec",
            "     0 packets input, 0 bytes, 0 no buffer",
            "     Received 0 broadcasts (0 IP multicasts)",
            "     0 runts, 0 giants, 0 throttles ",
            "     0 input errors, 0 CRC, 0 frame, 0 overrun, 0 ignored, 0 abort",
            "     5903 packets output, 708360 bytes, 0 underruns",
            "     0 output errors, 0 collisions, 0 interface resets",
            "     0 unknown protocol drops",
            "     0 output buffer failures, 0 output buffers swapped out",
            "Tunnel1 is up, line protocol is up ",
            "  Hardware is Tunnel",
            "  Internet address is 10.200.200.1/24",
            "  MTU 9976 bytes, BW 100 Kbit/sec, DLY 50000 usec, ",
            "     reliability 255/255, txload 1/255, rxload 1/255",
            "  Encapsulation TUNNEL, loopback not set",
            "  Keepalive not set",
            "  Tunnel linestate evaluation up",
            "  Tunnel source 192.168.122.0 (GigabitEthernet1), destination 52.201.212.234",
            "   Tunnel Subblocks:",
            "      src-track:",
            "         Tunnel1 source tracking subblock associated with GigabitEthernet1",
            "          Set of tunnels with source GigabitEthernet1, 2 members (includes iterators), on interface <OK>",
            "  Tunnel protocol/transport GRE/IP",
            "    Key disabled, sequencing disabled",
            "    Checksumming of packets disabled",
            "  Tunnel TTL 255, Fast tunneling enabled",
            "  Tunnel transport MTU 1476 bytes",
            "  Tunnel transmit bandwidth 8000 (kbps)",
            "  Tunnel receive bandwidth 8000 (kbps)",
            "  Last input 00:00:22, output 00:00:22, output hang never",
            "  Last clearing of \"show interface\" counters 15:35:24",
            "  Input queue: 0/375/0/0 (size/max/drops/flushes); Total output drops: 0",
            "  Queueing strategy: fifo",
            "  Output queue: 0/0 (size/max)",
            "  5 minute input rate 0 bits/sec, 0 packets/sec",
            "  5 minute output rate 0 bits/sec, 0 packets/sec",
            "     1972 packets input, 96820 bytes, 0 no buffer",
            "     Received 0 broadcasts (0 IP multicasts)",
            "     0 runts, 0 giants, 0 throttles ",
            "     0 input errors, 0 CRC, 0 frame, 0 overrun, 0 ignored, 0 abort",
            "     1968 packets output, 145694 bytes, 0 underruns",
            "     0 output errors, 0 collisions, 0 interface resets",
            "     0 unknown protocol drops",
            "     0 output buffer failures, 0 output buffers swapped out",
            "VirtualPortGroup0 is up, line protocol is up ",
            "  Hardware is Virtual Port Group, address is 001e.e5f6.37bd (bia 001e.e5f6.37bd)",
            "  Internet address is 192.168.35.101/24",
            "  MTU 1500 bytes, BW 750000 Kbit/sec, DLY 1000 usec, ",
            "     reliability 255/255, txload 1/255, rxload 1/255",
            "  Encapsulation ARPA, loopback not set",
            "  Keepalive not supported ",
            "  ARP type: ARPA, ARP Timeout 04:00:00",
            "  Last input never, output 15:48:54, output hang never",
            "  Last clearing of \"show interface\" counters never",
            "  Input queue: 0/375/0/0 (size/max/drops/flushes); Total output drops: 0",
            "  Queueing strategy: fifo",
            "  Output queue: 0/40 (size/max)",
            "  5 minute input rate 0 bits/sec, 0 packets/sec",
            "  5 minute output rate 0 bits/sec, 0 packets/sec",
            "     8 packets input, 648 bytes, 0 no buffer",
            "     Received 0 broadcasts (0 IP multicasts)",
            "     0 runts, 0 giants, 0 throttles ",
            "     0 input errors, 0 CRC, 0 frame, 0 overrun, 0 ignored",
            "     0 input packets with dribble condition detected",
            "     1 packets output, 60 bytes, 0 underruns",
            "     0 output errors, 0 collisions, 0 interface resets",
            "     0 unknown protocol drops",
            "     0 babbles, 0 late collision, 0 deferred",
            "     0 lost carrier, 0 no carrier",
            "     0 output buffer failures, 0 output buffers swapped out"
        ]
    ]
}
}
