{"rntebr_res": {
    "changed": false,
    "failed": false,
    "output": [
        {
            "rpc-reply": {
                "interface-information": {
                    "physical-interface": [
                        {
                            "admin-status": "up",
                            "name": "gr-0/0/0",
                            "oper-status": "up"
                        },
                        {
                            "admin-status": "up",
                            "name": "ip-0/0/0",
                            "oper-status": "up"
                        },
                        {
                            "admin-status": "up",
                            "name": "lt-0/0/0",
                            "oper-status": "up"
                        },
                        {
                            "admin-status": "up",
                            "name": "mt-0/0/0",
                            "oper-status": "down"
                        },
                        {
                            "admin-status": "up",
                            "logical-interface": [
                                {
                                    "address-family": [
                                        {
                                            "address-family-name": "inet"
                                        },
                                        {
                                            "address-family-name": "inet6"
                                        }
                                    ],
                                    "admin-status": "up",
                                    "filter-information": "",
                                    "name": "sp-0/0/0.0",
                                    "oper-status": "down"
                                },
                                {
                                    "address-family": {
                                        "address-family-name": "inet"
                                    },
                                    "admin-status": "up",
                                    "filter-information": "",
                                    "name": "sp-0/0/0.16383",
                                    "oper-status": "down"
                                }
                            ],
                            "name": "sp-0/0/0",
                            "oper-status": "down"
                        },
                        {
                            "admin-status": "up",
                            "name": "dsc",
                            "oper-status": "up"
                        },
                        {
                            "admin-status": "up",
                            "name": "fti0",
                            "oper-status": "up"
                        },
                        {
                            "admin-status": "up",
                            "logical-interface": {
                                "address-family": {
                                    "address-family-name": "inet",
                                    "interface-address": {
                                        "ifa-local": "192.168.122.150/16"
                                    }
                                },
                                "admin-status": "up",
                                "filter-information": "",
                                "name": "fxp0.0",
                                "oper-status": "up"
                            },
                            "name": "fxp0",
                            "oper-status": "up"
                        },
                        {
                            "admin-status": "up",
                            "name": "gre",
                            "oper-status": "up"
                        },
                        {
                            "admin-status": "up",
                            "name": "ipip",
                            "oper-status": "up"
                        },
                        {
                            "admin-status": "up",
                            "name": "irb",
                            "oper-status": "up"
                        },
                        {
                            "admin-status": "up",
                            "logical-interface": [
                                {
                                    "address-family": {
                                        "address-family-name": "inet",
                                        "interface-address": {
                                            "ifa-destination": "0/0",
                                            "ifa-local": "127.0.0.1"
                                        }
                                    },
                                    "admin-status": "up",
                                    "filter-information": "",
                                    "name": "lo0.16384",
                                    "oper-status": "up"
                                },
                                {
                                    "address-family": {
                                        "address-family-name": "inet",
                                        "interface-address": [
                                            {
                                                "ifa-destination": "0/0",
                                                "ifa-local": "10.0.0.1"
                                            },
                                            {
                                                "ifa-destination": "0/0",
                                                "ifa-local": "10.0.0.16"
                                            },
                                            {
                                                "ifa-destination": "0/0",
                                                "ifa-local": "128.0.0.1"
                                            },
                                            {
                                                "ifa-destination": "0/0",
                                                "ifa-local": "128.0.0.4"
                                            },
                                            {
                                                "ifa-destination": "0/0",
                                                "ifa-local": "128.0.1.16"
                                            }
                                        ]
                                    },
                                    "admin-status": "up",
                                    "filter-information": "",
                                    "name": "lo0.16385",
                                    "oper-status": "up"
                                },
                                {
                                    "admin-status": "up",
                                    "filter-information": "",
                                    "name": "lo0.32768",
                                    "oper-status": "up"
                                }
                            ],
                            "name": "lo0",
                            "oper-status": "up"
                        },
                        {
                            "admin-status": "up",
                            "name": "lsi",
                            "oper-status": "up"
                        },
                        {
                            "admin-status": "up",
                            "name": "mtun",
                            "oper-status": "up"
                        },
                        {
                            "admin-status": "up",
                            "name": "pimd",
                            "oper-status": "up"
                        },
                        {
                            "admin-status": "up",
                            "name": "pime",
                            "oper-status": "up"
                        },
                        {
                            "admin-status": "up",
                            "name": "pp0",
                            "oper-status": "up"
                        },
                        {
                            "admin-status": "up",
                            "name": "ppd0",
                            "oper-status": "up"
                        },
                        {
                            "admin-status": "up",
                            "name": "ppe0",
                            "oper-status": "up"
                        },
                        {
                            "admin-status": "up",
                            "name": "st0",
                            "oper-status": "up"
                        },
                        {
                            "admin-status": "up",
                            "name": "tap",
                            "oper-status": "up"
                        },
                        {
                            "admin-status": "up",
                            "name": "vlan",
                            "oper-status": "down"
                        }
                    ]
                }
            }
        }
    ],
    "stdout": [
        "<rpc-reply message-id=\"urn:uuid:915e1e26-b824-46c8-a5cb-5fa4fe4c6308\"><interface-information style=\"terse\"><physical-interface><name>\ngr-0/0/0\n</name><admin-status>\nup\n</admin-status><oper-status>\nup\n</oper-status></physical-interface><physical-interface><name>\nip-0/0/0\n</name><admin-status>\nup\n</admin-status><oper-status>\nup\n</oper-status></physical-interface><physical-interface><name>\nlt-0/0/0\n</name><admin-status>\nup\n</admin-status><oper-status>\nup\n</oper-status></physical-interface><physical-interface><name>\nmt-0/0/0\n</name><admin-status>\nup\n</admin-status><oper-status>\ndown\n</oper-status></physical-interface><physical-interface><name>\nsp-0/0/0\n</name><admin-status>\nup\n</admin-status><oper-status>\ndown\n</oper-status><logical-interface><name>\nsp-0/0/0.0\n</name><admin-status>\nup\n</admin-status><oper-status>\ndown\n</oper-status><filter-information>\n</filter-information><address-family><address-family-name>\ninet\n</address-family-name></address-family><address-family><address-family-name>\ninet6\n</address-family-name></address-family></logical-interface><logical-interface><name>\nsp-0/0/0.16383\n</name><admin-status>\nup\n</admin-status><oper-status>\ndown\n</oper-status><filter-information>\n</filter-information><address-family><address-family-name>\ninet\n</address-family-name></address-family></logical-interface></physical-interface><physical-interface><name>\ndsc\n</name><admin-status>\nup\n</admin-status><oper-status>\nup\n</oper-status></physical-interface><physical-interface><name>\nfti0\n</name><admin-status>\nup\n</admin-status><oper-status>\nup\n</oper-status></physical-interface><physical-interface><name>\nfxp0\n</name><admin-status>\nup\n</admin-status><oper-status>\nup\n</oper-status><logical-interface><name>\nfxp0.0\n</name><admin-status>\nup\n</admin-status><oper-status>\nup\n</oper-status><filter-information>\n</filter-information><address-family><address-family-name>\ninet\n</address-family-name><interface-address><ifa-local emit=\"emit\">\n192.168.122.150/16\n</ifa-local></interface-address></address-family></logical-interface></physical-interface><physical-interface><name>\ngre\n</name><admin-status>\nup\n</admin-status><oper-status>\nup\n</oper-status></physical-interface><physical-interface><name>\nipip\n</name><admin-status>\nup\n</admin-status><oper-status>\nup\n</oper-status></physical-interface><physical-interface><name>\nirb\n</name><admin-status>\nup\n</admin-status><oper-status>\nup\n</oper-status></physical-interface><physical-interface><name>\nlo0\n</name><admin-status>\nup\n</admin-status><oper-status>\nup\n</oper-status><logical-interface><name>\nlo0.16384\n</name><admin-status>\nup\n</admin-status><oper-status>\nup\n</oper-status><filter-information>\n</filter-information><address-family><address-family-name>\ninet\n</address-family-name><interface-address><ifa-local>\n127.0.0.1\n</ifa-local><ifa-destination emit=\"emit\">\n0/0\n</ifa-destination></interface-address></address-family></logical-interface><logical-interface><name>\nlo0.16385\n</name><admin-status>\nup\n</admin-status><oper-status>\nup\n</oper-status><filter-information>\n</filter-information><address-family><address-family-name>\ninet\n</address-family-name><interface-address><ifa-local>\n10.0.0.1\n</ifa-local><ifa-destination emit=\"emit\">\n0/0\n</ifa-destination></interface-address><interface-address><ifa-local>\n10.0.0.16\n</ifa-local><ifa-destination emit=\"emit\">\n0/0\n</ifa-destination></interface-address><interface-address><ifa-local>\n128.0.0.1\n</ifa-local><ifa-destination emit=\"emit\">\n0/0\n</ifa-destination></interface-address><interface-address><ifa-local>\n128.0.0.4\n</ifa-local><ifa-destination emit=\"emit\">\n0/0\n</ifa-destination></interface-address><interface-address><ifa-local>\n128.0.1.16\n</ifa-local><ifa-destination emit=\"emit\">\n0/0\n</ifa-destination></interface-address></address-family></logical-interface><logical-interface><name>\nlo0.32768\n</name><admin-status>\nup\n</admin-status><oper-status>\nup\n</oper-status><filter-information>\n</filter-information></logical-interface></physical-interface><physical-interface><name>\nlsi\n</name><admin-status>\nup\n</admin-status><oper-status>\nup\n</oper-status></physical-interface><physical-interface><name>\nmtun\n</name><admin-status>\nup\n</admin-status><oper-status>\nup\n</oper-status></physical-interface><physical-interface><name>\npimd\n</name><admin-status>\nup\n</admin-status><oper-status>\nup\n</oper-status></physical-interface><physical-interface><name>\npime\n</name><admin-status>\nup\n</admin-status><oper-status>\nup\n</oper-status></physical-interface><physical-interface><name>\npp0\n</name><admin-status>\nup\n</admin-status><oper-status>\nup\n</oper-status></physical-interface><physical-interface><name>\nppd0\n</name><admin-status>\nup\n</admin-status><oper-status>\nup\n</oper-status></physical-interface><physical-interface><name>\nppe0\n</name><admin-status>\nup\n</admin-status><oper-status>\nup\n</oper-status></physical-interface><physical-interface><name>\nst0\n</name><admin-status>\nup\n</admin-status><oper-status>\nup\n</oper-status></physical-interface><physical-interface><name>\ntap\n</name><admin-status>\nup\n</admin-status><oper-status>\nup\n</oper-status></physical-interface><physical-interface><name>\nvlan\n</name><admin-status>\nup\n</admin-status><oper-status>\ndown\n</oper-status></physical-interface></interface-information></rpc-reply>"
    ],
    "stdout_lines": [
        [
            "<rpc-reply message-id=\"urn:uuid:915e1e26-b824-46c8-a5cb-5fa4fe4c6308\"><interface-information style=\"terse\"><physical-interface><name>",
            "gr-0/0/0",
            "</name><admin-status>",
            "up",
            "</admin-status><oper-status>",
            "up",
            "</oper-status></physical-interface><physical-interface><name>",
            "ip-0/0/0",
            "</name><admin-status>",
            "up",
            "</admin-status><oper-status>",
            "up",
            "</oper-status></physical-interface><physical-interface><name>",
            "lt-0/0/0",
            "</name><admin-status>",
            "up",
            "</admin-status><oper-status>",
            "up",
            "</oper-status></physical-interface><physical-interface><name>",
            "mt-0/0/0",
            "</name><admin-status>",
            "up",
            "</admin-status><oper-status>",
            "down",
            "</oper-status></physical-interface><physical-interface><name>",
            "sp-0/0/0",
            "</name><admin-status>",
            "up",
            "</admin-status><oper-status>",
            "down",
            "</oper-status><logical-interface><name>",
            "sp-0/0/0.0",
            "</name><admin-status>",
            "up",
            "</admin-status><oper-status>",
            "down",
            "</oper-status><filter-information>",
            "</filter-information><address-family><address-family-name>",
            "inet",
            "</address-family-name></address-family><address-family><address-family-name>",
            "inet6",
            "</address-family-name></address-family></logical-interface><logical-interface><name>",
            "sp-0/0/0.16383",
            "</name><admin-status>",
            "up",
            "</admin-status><oper-status>",
            "down",
            "</oper-status><filter-information>",
            "</filter-information><address-family><address-family-name>",
            "inet",
            "</address-family-name></address-family></logical-interface></physical-interface><physical-interface><name>",
            "dsc",
            "</name><admin-status>",
            "up",
            "</admin-status><oper-status>",
            "up",
            "</oper-status></physical-interface><physical-interface><name>",
            "fti0",
            "</name><admin-status>",
            "up",
            "</admin-status><oper-status>",
            "up",
            "</oper-status></physical-interface><physical-interface><name>",
            "fxp0",
            "</name><admin-status>",
            "up",
            "</admin-status><oper-status>",
            "up",
            "</oper-status><logical-interface><name>",
            "fxp0.0",
            "</name><admin-status>",
            "up",
            "</admin-status><oper-status>",
            "up",
            "</oper-status><filter-information>",
            "</filter-information><address-family><address-family-name>",
            "inet",
            "</address-family-name><interface-address><ifa-local emit=\"emit\">",
            "192.168.122.150/16",
            "</ifa-local></interface-address></address-family></logical-interface></physical-interface><physical-interface><name>",
            "gre",
            "</name><admin-status>",
            "up",
            "</admin-status><oper-status>",
            "up",
            "</oper-status></physical-interface><physical-interface><name>",
            "ipip",
            "</name><admin-status>",
            "up",
            "</admin-status><oper-status>",
            "up",
            "</oper-status></physical-interface><physical-interface><name>",
            "irb",
            "</name><admin-status>",
            "up",
            "</admin-status><oper-status>",
            "up",
            "</oper-status></physical-interface><physical-interface><name>",
            "lo0",
            "</name><admin-status>",
            "up",
            "</admin-status><oper-status>",
            "up",
            "</oper-status><logical-interface><name>",
            "lo0.16384",
            "</name><admin-status>",
            "up",
            "</admin-status><oper-status>",
            "up",
            "</oper-status><filter-information>",
            "</filter-information><address-family><address-family-name>",
            "inet",
            "</address-family-name><interface-address><ifa-local>",
            "127.0.0.1",
            "</ifa-local><ifa-destination emit=\"emit\">",
            "0/0",
            "</ifa-destination></interface-address></address-family></logical-interface><logical-interface><name>",
            "lo0.16385",
            "</name><admin-status>",
            "up",
            "</admin-status><oper-status>",
            "up",
            "</oper-status><filter-information>",
            "</filter-information><address-family><address-family-name>",
            "inet",
            "</address-family-name><interface-address><ifa-local>",
            "10.0.0.1",
            "</ifa-local><ifa-destination emit=\"emit\">",
            "0/0",
            "</ifa-destination></interface-address><interface-address><ifa-local>",
            "10.0.0.16",
            "</ifa-local><ifa-destination emit=\"emit\">",
            "0/0",
            "</ifa-destination></interface-address><interface-address><ifa-local>",
            "128.0.0.1",
            "</ifa-local><ifa-destination emit=\"emit\">",
            "0/0",
            "</ifa-destination></interface-address><interface-address><ifa-local>",
            "128.0.0.4",
            "</ifa-local><ifa-destination emit=\"emit\">",
            "0/0",
            "</ifa-destination></interface-address><interface-address><ifa-local>",
            "128.0.1.16",
            "</ifa-local><ifa-destination emit=\"emit\">",
            "0/0",
            "</ifa-destination></interface-address></address-family></logical-interface><logical-interface><name>",
            "lo0.32768",
            "</name><admin-status>",
            "up",
            "</admin-status><oper-status>",
            "up",
            "</oper-status><filter-information>",
            "</filter-information></logical-interface></physical-interface><physical-interface><name>",
            "lsi",
            "</name><admin-status>",
            "up",
            "</admin-status><oper-status>",
            "up",
            "</oper-status></physical-interface><physical-interface><name>",
            "mtun",
            "</name><admin-status>",
            "up",
            "</admin-status><oper-status>",
            "up",
            "</oper-status></physical-interface><physical-interface><name>",
            "pimd",
            "</name><admin-status>",
            "up",
            "</admin-status><oper-status>",
            "up",
            "</oper-status></physical-interface><physical-interface><name>",
            "pime",
            "</name><admin-status>",
            "up",
            "</admin-status><oper-status>",
            "up",
            "</oper-status></physical-interface><physical-interface><name>",
            "pp0",
            "</name><admin-status>",
            "up",
            "</admin-status><oper-status>",
            "up",
            "</oper-status></physical-interface><physical-interface><name>",
            "ppd0",
            "</name><admin-status>",
            "up",
            "</admin-status><oper-status>",
            "up",
            "</oper-status></physical-interface><physical-interface><name>",
            "ppe0",
            "</name><admin-status>",
            "up",
            "</admin-status><oper-status>",
            "up",
            "</oper-status></physical-interface><physical-interface><name>",
            "st0",
            "</name><admin-status>",
            "up",
            "</admin-status><oper-status>",
            "up",
            "</oper-status></physical-interface><physical-interface><name>",
            "tap",
            "</name><admin-status>",
            "up",
            "</admin-status><oper-status>",
            "up",
            "</oper-status></physical-interface><physical-interface><name>",
            "vlan",
            "</name><admin-status>",
            "up",
            "</admin-status><oper-status>",
            "down",
            "</oper-status></physical-interface></interface-information></rpc-reply>"
        ]
    ]
}
}
