{"rntebr_res": {
    "changed": false,
    "failed": false,
    "output": [
        {
            "rpc-reply": {
                "software-information": {
                    "host-name": "",
                    "junos-version": "18.4R1.8",
                    "package-information": [
                        {
                            "comment": "JUNOS OS Kernel 64-bit XEN [20181207.6c2f68b_2_builder_stable_11]",
                            "name": "os-kernel"
                        },
                        {
                            "comment": "JUNOS OS libs [20181207.6c2f68b_2_builder_stable_11]",
                            "name": "os-libs"
                        },
                        {
                            "comment": "JUNOS OS runtime [20181207.6c2f68b_2_builder_stable_11]",
                            "name": "os-runtime"
                        },
                        {
                            "comment": "JUNOS OS time zone information [20181207.6c2f68b_2_builder_stable_11]",
                            "name": "zoneinfo"
                        },
                        {
                            "comment": "JUNOS OS libs compat32 [20181207.6c2f68b_2_builder_stable_11]",
                            "name": "os-libs-compat32"
                        },
                        {
                            "comment": "JUNOS OS 32-bit compatibility [20181207.6c2f68b_2_builder_stable_11]",
                            "name": "os-compat32"
                        },
                        {
                            "comment": "JUNOS py extensions [20181217.004159_builder_junos_184_r1]",
                            "name": "py-extensions"
                        },
                        {
                            "comment": "JUNOS py base [20181217.004159_builder_junos_184_r1]",
                            "name": "py-base"
                        },
                        {
                            "comment": "JUNOS OS vmguest [20181207.6c2f68b_2_builder_stable_11]",
                            "name": "os-vmguest"
                        },
                        {
                            "comment": "JUNOS OS support utilities [20181207.6c2f68b_2_builder_stable_11]",
                            "name": "os-support"
                        },
                        {
                            "comment": "JUNOS OS crypto [20181207.6c2f68b_2_builder_stable_11]",
                            "name": "os-crypto"
                        },
                        {
                            "comment": "JUNOS network stack and utilities [20181217.004159_builder_junos_184_r1]",
                            "name": "netstack"
                        },
                        {
                            "comment": "JUNOS libs [20181217.004159_builder_junos_184_r1]",
                            "name": "junos-libs"
                        },
                        {
                            "comment": "JUNOS libs compat32 [20181217.004159_builder_junos_184_r1]",
                            "name": "junos-libs-compat32"
                        },
                        {
                            "comment": "JUNOS runtime [20181217.004159_builder_junos_184_r1]",
                            "name": "junos-runtime"
                        },
                        {
                            "comment": "JUNOS Web Management Platform Package [20181217.004159_builder_junos_184_r1]",
                            "name": "jweb-srxtvp"
                        },
                        {
                            "comment": "JUNOS vsrx modules [20181217.004159_builder_junos_184_r1]",
                            "name": "junos-vmguest-platform"
                        },
                        {
                            "comment": "JUNOS srx libs compat32 [20181217.004159_builder_junos_184_r1]",
                            "name": "junos-libs-compat32-platform"
                        },
                        {
                            "comment": "JUNOS srx runtime [20181217.004159_builder_junos_184_r1]",
                            "name": "junos-runtime-platform"
                        },
                        {
                            "comment": "JUNOS srx platform support [20181217.004159_builder_junos_184_r1]",
                            "name": "junos-platform-platform"
                        },
                        {
                            "comment": "JUNOS common platform support [20181217.004159_builder_junos_184_r1]",
                            "name": "junos-platform"
                        },
                        {
                            "comment": "JUNOS vsrx runtime [20181217.004159_builder_junos_184_r1]",
                            "name": "junos-runtime-vsrx"
                        },
                        {
                            "comment": "JUNOS pppoe [20181217.004159_builder_junos_184_r1]",
                            "name": "junos-pppoe"
                        },
                        {
                            "comment": "JUNOS mtx network modules [20181217.004159_builder_junos_184_r1]",
                            "name": "junos-net-platform"
                        },
                        {
                            "comment": "JUNOS modules [20181217.004159_builder_junos_184_r1]",
                            "name": "junos-modules"
                        },
                        {
                            "comment": "JUNOS srx libs [20181217.004159_builder_junos_184_r1]",
                            "name": "junos-libs-platform"
                        },
                        {
                            "comment": "JUNOS srx Data Plane Crypto Support [20181217.004159_builder_junos_184_r1]",
                            "name": "junos-dp-crypto-support-platform"
                        },
                        {
                            "comment": "JUNOS daemons [20181217.004159_builder_junos_184_r1]",
                            "name": "junos-daemons"
                        },
                        {
                            "comment": "JUNOS srx daemons [20181217.004159_builder_junos_184_r1]",
                            "name": "junos-daemons-platform"
                        },
                        {
                            "comment": "JUNOS SRX TVP AppQos Daemon [20181217.004159_builder_junos_184_r1]",
                            "name": "junos-appsecure-tvp"
                        },
                        {
                            "comment": "JUNOS J-Insight [20181217.004159_builder_junos_184_r1]",
                            "name": "jinsight"
                        },
                        {
                            "comment": "JUNOS Online Documentation [20181217.004159_builder_junos_184_r1]",
                            "name": "jdocs"
                        },
                        {
                            "comment": "JUNOS jail runtime [20181207.6c2f68b_2_builder_stable_11]",
                            "name": "jail-runtime"
                        },
                        {
                            "comment": "JUNOS FIPS mode utilities [20181217.004159_builder_junos_184_r1]",
                            "name": "fips-mode"
                        }
                    ],
                    "product-model": "vSRX",
                    "product-name": "vsrx"
                }
            }
        }
    ],
    "stdout": [
        "<rpc-reply message-id=\"urn:uuid:62d395db-ec8c-489c-a7ab-7a02f9bb802d\"><software-information><host-name/><product-model>vSRX</product-model><product-name>vsrx</product-name><junos-version>18.4R1.8</junos-version><package-information><name>os-kernel</name><comment>JUNOS OS Kernel 64-bit XEN [20181207.6c2f68b_2_builder_stable_11]</comment></package-information><package-information><name>os-libs</name><comment>JUNOS OS libs [20181207.6c2f68b_2_builder_stable_11]</comment></package-information><package-information><name>os-runtime</name><comment>JUNOS OS runtime [20181207.6c2f68b_2_builder_stable_11]</comment></package-information><package-information><name>zoneinfo</name><comment>JUNOS OS time zone information [20181207.6c2f68b_2_builder_stable_11]</comment></package-information><package-information><name>os-libs-compat32</name><comment>JUNOS OS libs compat32 [20181207.6c2f68b_2_builder_stable_11]</comment></package-information><package-information><name>os-compat32</name><comment>JUNOS OS 32-bit compatibility [20181207.6c2f68b_2_builder_stable_11]</comment></package-information><package-information><name>py-extensions</name><comment>JUNOS py extensions [20181217.004159_builder_junos_184_r1]</comment></package-information><package-information><name>py-base</name><comment>JUNOS py base [20181217.004159_builder_junos_184_r1]</comment></package-information><package-information><name>os-vmguest</name><comment>JUNOS OS vmguest [20181207.6c2f68b_2_builder_stable_11]</comment></package-information><package-information><name>os-support</name><comment>JUNOS OS support utilities [20181207.6c2f68b_2_builder_stable_11]</comment></package-information><package-information><name>os-crypto</name><comment>JUNOS OS crypto [20181207.6c2f68b_2_builder_stable_11]</comment></package-information><package-information><name>netstack</name><comment>JUNOS network stack and utilities [20181217.004159_builder_junos_184_r1]</comment></package-information><package-information><name>junos-libs</name><comment>JUNOS libs [20181217.004159_builder_junos_184_r1]</comment></package-information><package-information><name>junos-libs-compat32</name><comment>JUNOS libs compat32 [20181217.004159_builder_junos_184_r1]</comment></package-information><package-information><name>junos-runtime</name><comment>JUNOS runtime [20181217.004159_builder_junos_184_r1]</comment></package-information><package-information><name>jweb-srxtvp</name><comment>JUNOS Web Management Platform Package [20181217.004159_builder_junos_184_r1]</comment></package-information><package-information><name>junos-vmguest-platform</name><comment>JUNOS vsrx modules [20181217.004159_builder_junos_184_r1]</comment></package-information><package-information><name>junos-libs-compat32-platform</name><comment>JUNOS srx libs compat32 [20181217.004159_builder_junos_184_r1]</comment></package-information><package-information><name>junos-runtime-platform</name><comment>JUNOS srx runtime [20181217.004159_builder_junos_184_r1]</comment></package-information><package-information><name>junos-platform-platform</name><comment>JUNOS srx platform support [20181217.004159_builder_junos_184_r1]</comment></package-information><package-information><name>junos-platform</name><comment>JUNOS common platform support [20181217.004159_builder_junos_184_r1]</comment></package-information><package-information><name>junos-runtime-vsrx</name><comment>JUNOS vsrx runtime [20181217.004159_builder_junos_184_r1]</comment></package-information><package-information><name>junos-pppoe</name><comment>JUNOS pppoe [20181217.004159_builder_junos_184_r1]</comment></package-information><package-information><name>junos-net-platform</name><comment>JUNOS mtx network modules [20181217.004159_builder_junos_184_r1]</comment></package-information><package-information><name>junos-modules</name><comment>JUNOS modules [20181217.004159_builder_junos_184_r1]</comment></package-information><package-information><name>junos-libs-platform</name><comment>JUNOS srx libs [20181217.004159_builder_junos_184_r1]</comment></package-information><package-information><name>junos-dp-crypto-support-platform</name><comment>JUNOS srx Data Plane Crypto Support [20181217.004159_builder_junos_184_r1]</comment></package-information><package-information><name>junos-daemons</name><comment>JUNOS daemons [20181217.004159_builder_junos_184_r1]</comment></package-information><package-information><name>junos-daemons-platform</name><comment>JUNOS srx daemons [20181217.004159_builder_junos_184_r1]</comment></package-information><package-information><name>junos-appsecure-tvp</name><comment>JUNOS SRX TVP AppQos Daemon [20181217.004159_builder_junos_184_r1]</comment></package-information><package-information><name>jinsight</name><comment>JUNOS J-Insight [20181217.004159_builder_junos_184_r1]</comment></package-information><package-information><name>jdocs</name><comment>JUNOS Online Documentation [20181217.004159_builder_junos_184_r1]</comment></package-information><package-information><name>jail-runtime</name><comment>JUNOS jail runtime [20181207.6c2f68b_2_builder_stable_11]</comment></package-information><package-information><name>fips-mode</name><comment>JUNOS FIPS mode utilities [20181217.004159_builder_junos_184_r1]</comment></package-information></software-information></rpc-reply>"
    ],
    "stdout_lines": [
        [
            "<rpc-reply message-id=\"urn:uuid:62d395db-ec8c-489c-a7ab-7a02f9bb802d\"><software-information><host-name/><product-model>vSRX</product-model><product-name>vsrx</product-name><junos-version>18.4R1.8</junos-version><package-information><name>os-kernel</name><comment>JUNOS OS Kernel 64-bit XEN [20181207.6c2f68b_2_builder_stable_11]</comment></package-information><package-information><name>os-libs</name><comment>JUNOS OS libs [20181207.6c2f68b_2_builder_stable_11]</comment></package-information><package-information><name>os-runtime</name><comment>JUNOS OS runtime [20181207.6c2f68b_2_builder_stable_11]</comment></package-information><package-information><name>zoneinfo</name><comment>JUNOS OS time zone information [20181207.6c2f68b_2_builder_stable_11]</comment></package-information><package-information><name>os-libs-compat32</name><comment>JUNOS OS libs compat32 [20181207.6c2f68b_2_builder_stable_11]</comment></package-information><package-information><name>os-compat32</name><comment>JUNOS OS 32-bit compatibility [20181207.6c2f68b_2_builder_stable_11]</comment></package-information><package-information><name>py-extensions</name><comment>JUNOS py extensions [20181217.004159_builder_junos_184_r1]</comment></package-information><package-information><name>py-base</name><comment>JUNOS py base [20181217.004159_builder_junos_184_r1]</comment></package-information><package-information><name>os-vmguest</name><comment>JUNOS OS vmguest [20181207.6c2f68b_2_builder_stable_11]</comment></package-information><package-information><name>os-support</name><comment>JUNOS OS support utilities [20181207.6c2f68b_2_builder_stable_11]</comment></package-information><package-information><name>os-crypto</name><comment>JUNOS OS crypto [20181207.6c2f68b_2_builder_stable_11]</comment></package-information><package-information><name>netstack</name><comment>JUNOS network stack and utilities [20181217.004159_builder_junos_184_r1]</comment></package-information><package-information><name>junos-libs</name><comment>JUNOS libs [20181217.004159_builder_junos_184_r1]</comment></package-information><package-information><name>junos-libs-compat32</name><comment>JUNOS libs compat32 [20181217.004159_builder_junos_184_r1]</comment></package-information><package-information><name>junos-runtime</name><comment>JUNOS runtime [20181217.004159_builder_junos_184_r1]</comment></package-information><package-information><name>jweb-srxtvp</name><comment>JUNOS Web Management Platform Package [20181217.004159_builder_junos_184_r1]</comment></package-information><package-information><name>junos-vmguest-platform</name><comment>JUNOS vsrx modules [20181217.004159_builder_junos_184_r1]</comment></package-information><package-information><name>junos-libs-compat32-platform</name><comment>JUNOS srx libs compat32 [20181217.004159_builder_junos_184_r1]</comment></package-information><package-information><name>junos-runtime-platform</name><comment>JUNOS srx runtime [20181217.004159_builder_junos_184_r1]</comment></package-information><package-information><name>junos-platform-platform</name><comment>JUNOS srx platform support [20181217.004159_builder_junos_184_r1]</comment></package-information><package-information><name>junos-platform</name><comment>JUNOS common platform support [20181217.004159_builder_junos_184_r1]</comment></package-information><package-information><name>junos-runtime-vsrx</name><comment>JUNOS vsrx runtime [20181217.004159_builder_junos_184_r1]</comment></package-information><package-information><name>junos-pppoe</name><comment>JUNOS pppoe [20181217.004159_builder_junos_184_r1]</comment></package-information><package-information><name>junos-net-platform</name><comment>JUNOS mtx network modules [20181217.004159_builder_junos_184_r1]</comment></package-information><package-information><name>junos-modules</name><comment>JUNOS modules [20181217.004159_builder_junos_184_r1]</comment></package-information><package-information><name>junos-libs-platform</name><comment>JUNOS srx libs [20181217.004159_builder_junos_184_r1]</comment></package-information><package-information><name>junos-dp-crypto-support-platform</name><comment>JUNOS srx Data Plane Crypto Support [20181217.004159_builder_junos_184_r1]</comment></package-information><package-information><name>junos-daemons</name><comment>JUNOS daemons [20181217.004159_builder_junos_184_r1]</comment></package-information><package-information><name>junos-daemons-platform</name><comment>JUNOS srx daemons [20181217.004159_builder_junos_184_r1]</comment></package-information><package-information><name>junos-appsecure-tvp</name><comment>JUNOS SRX TVP AppQos Daemon [20181217.004159_builder_junos_184_r1]</comment></package-information><package-information><name>jinsight</name><comment>JUNOS J-Insight [20181217.004159_builder_junos_184_r1]</comment></package-information><package-information><name>jdocs</name><comment>JUNOS Online Documentation [20181217.004159_builder_junos_184_r1]</comment></package-information><package-information><name>jail-runtime</name><comment>JUNOS jail runtime [20181207.6c2f68b_2_builder_stable_11]</comment></package-information><package-information><name>fips-mode</name><comment>JUNOS FIPS mode utilities [20181217.004159_builder_junos_184_r1]</comment></package-information></software-information></rpc-reply>"
        ]
    ]
}
}
